192.168.86.200
type/video_encoder
Profile/Streaming
Profile/G
type/audio_encoder
hardware/DS-2CD2742FWD-IZS
name/HIKVISION%20DS-2CD2742FWD-IZS
location/city/hangzhou

192.168.86.109
type/video_encoder
Profile/Streaming
Profile/G
type/ptz
hardware/DS-2CD4A35FWD-IZH
name/HIKVISION%20DS-2CD4A35FWD-IZH
location/city/hangzhou

192.168.86.91
location/country/America
name/LOREX
hardware/LNB8111B
Profile/Streaming
type/Network_Video_Transmitter
extension/unique_identifier

192.168.86.58
location/country/USA
name/Amcrest
hardware/IP8M-2496E
Profile/Streaming
type/Network_Video_Transmitter
extension/unique_identifier
Profile/T

192.168.86.72
location/country/china
name/Dahua
hardware/IPC-HDBW4431R-ZS
Profile/Streaming
type/Network_Video_Transmitter
extension/unique_identifier
Profile/Q/Operational

192.168.86.89
hardware/LNZ32P12
location/country/china
name/Lorex
type/video_encoder
type/ptz
type/audio_encoder
type/network_video_transmitter
Profile/Streaming

